::1 - - [16/Feb/2025:23:03:46 +0100] "GET / HTTP/1.1" 200 5445
::1 - - [16/Feb/2025:23:04:16 +0100] "GET / HTTP/1.1" 200 5445
::1 - - [16/Feb/2025:23:04:17 +0100] "GET / HTTP/1.1" 200 5445
::1 - - [16/Feb/2025:23:04:58 +0100] "GET / HTTP/1.1" 200 5509
::1 - - [16/Feb/2025:23:05:03 +0100] "GET / HTTP/1.1" 200 5509
::1 - - [16/Feb/2025:23:05:23 +0100] "GET / HTTP/1.1" 200 5573
::1 - - [16/Feb/2025:23:05:33 +0100] "GET / HTTP/1.1" 200 5573
::1 - - [16/Feb/2025:23:06:07 +0100] "GET / HTTP/1.1" 200 5614
::1 - - [16/Feb/2025:23:06:17 +0100] "GET / HTTP/1.1" 200 5630
::1 - - [16/Feb/2025:23:06:37 +0100] "GET / HTTP/1.1" 200 5651
::1 - - [16/Feb/2025:23:06:59 +0100] "GET / HTTP/1.1" 200 5652
::1 - - [16/Feb/2025:23:07:28 +0100] "GET / HTTP/1.1" 200 5676
::1 - - [16/Feb/2025:23:08:26 +0100] "GET / HTTP/1.1" 200 5662
::1 - - [16/Feb/2025:23:08:30 +0100] "GET / HTTP/1.1" 200 5662
::1 - - [16/Feb/2025:23:08:42 +0100] "GET / HTTP/1.1" 200 5662
::1 - - [16/Feb/2025:23:08:43 +0100] "GET / HTTP/1.1" 200 5662
::1 - - [16/Feb/2025:23:08:54 +0100] "GET / HTTP/1.1" 200 5677
::1 - - [16/Feb/2025:23:09:25 +0100] "GET / HTTP/1.1" 200 5614
::1 - - [16/Feb/2025:23:09:44 +0100] "GET / HTTP/1.1" 200 5639
::1 - - [16/Feb/2025:23:10:13 +0100] "GET / HTTP/1.1" 200 5661
::1 - - [16/Feb/2025:23:10:48 +0100] "GET / HTTP/1.1" 200 5672
::1 - - [16/Feb/2025:23:10:49 +0100] "GET / HTTP/1.1" 200 5672
::1 - - [16/Feb/2025:23:11:32 +0100] "GET / HTTP/1.1" 200 5648
::1 - - [16/Feb/2025:23:11:32 +0100] "GET / HTTP/1.1" 200 5648
::1 - - [16/Feb/2025:23:11:57 +0100] "GET / HTTP/1.1" 200 5655
::1 - - [16/Feb/2025:23:12:11 +0100] "GET / HTTP/1.1" 200 5675
::1 - - [16/Feb/2025:23:12:13 +0100] "GET / HTTP/1.1" 200 5675
::1 - - [16/Feb/2025:23:12:46 +0100] "GET / HTTP/1.1" 200 5724
::1 - - [16/Feb/2025:23:12:54 +0100] "GET / HTTP/1.1" 200 5722
::1 - - [16/Feb/2025:23:13:03 +0100] "GET / HTTP/1.1" 200 5721
::1 - - [16/Feb/2025:23:13:11 +0100] "GET / HTTP/1.1" 200 5721
::1 - - [16/Feb/2025:23:13:42 +0100] "GET / HTTP/1.1" 200 5719
::1 - - [17/Feb/2025:10:27:07 +0100] "GET / HTTP/1.1" 200 5719
::1 - - [17/Feb/2025:10:27:09 +0100] "GET / HTTP/1.1" 200 5719
::1 - - [17/Feb/2025:10:28:32 +0100] "GET / HTTP/1.1" 200 5854
::1 - - [17/Feb/2025:10:28:40 +0100] "GET / HTTP/1.1" 200 5854
::1 - - [17/Feb/2025:10:28:46 +0100] "GET / HTTP/1.1" 200 5854
::1 - - [17/Feb/2025:10:28:52 +0100] "GET / HTTP/1.1" 200 5854
::1 - - [17/Feb/2025:10:29:22 +0100] "GET / HTTP/1.1" 200 5858
::1 - - [17/Feb/2025:10:29:54 +0100] "GET / HTTP/1.1" 200 5841
::1 - - [17/Feb/2025:10:30:09 +0100] "GET / HTTP/1.1" 200 5802
::1 - - [17/Feb/2025:10:30:10 +0100] "GET / HTTP/1.1" 200 5802
::1 - - [17/Feb/2025:10:30:20 +0100] "GET / HTTP/1.1" 200 5866
::1 - - [17/Feb/2025:10:31:14 +0100] "GET / HTTP/1.1" 200 5866
::1 - - [17/Feb/2025:10:31:26 +0100] "GET / HTTP/1.1" 200 5866
::1 - - [17/Feb/2025:10:31:31 +0100] "GET / HTTP/1.1" 200 5866
::1 - - [17/Feb/2025:10:31:47 +0100] "GET / HTTP/1.1" 200 5786
::1 - - [17/Feb/2025:10:34:25 +0100] "GET / HTTP/1.1" 200 5786
::1 - - [17/Feb/2025:10:35:22 +0100] "GET / HTTP/1.1" 200 5786
::1 - - [17/Feb/2025:10:36:10 +0100] "GET / HTTP/1.1" 200 5786
::1 - - [17/Feb/2025:10:37:10 +0100] "POST /submit HTTP/1.1" 200 10
::1 - - [17/Feb/2025:10:37:51 +0100] "POST /submit HTTP/1.1" 200 15
::1 - - [17/Feb/2025:10:37:55 +0100] "GET / HTTP/1.1" 200 5786
::1 - - [17/Feb/2025:10:37:59 +0100] "POST /submit HTTP/1.1" 200 15
::1 - - [17/Feb/2025:10:38:26 +0100] "POST /submit HTTP/1.1" 200 35
::1 - - [17/Feb/2025:10:38:46 +0100] "POST /submit HTTP/1.1" 200 21
::1 - - [17/Feb/2025:10:40:03 +0100] "GET / HTTP/1.1" 500 33
::1 - - [17/Feb/2025:10:40:28 +0100] "GET / HTTP/1.1" 500 33
::1 - - [17/Feb/2025:10:41:20 +0100] "GET / HTTP/1.1" 200 5786
::1 - - [17/Feb/2025:10:41:38 +0100] "GET / HTTP/1.1" 200 5806
::1 - - [17/Feb/2025:10:41:44 +0100] "GET / HTTP/1.1" 200 5806
::1 - - [17/Feb/2025:10:41:53 +0100] "GET / HTTP/1.1" 200 6331
::1 - - [17/Feb/2025:10:42:24 +0100] "GET / HTTP/1.1" 200 6238
::1 - - [17/Feb/2025:10:43:00 +0100] "GET / HTTP/1.1" 200 6268
::1 - - [17/Feb/2025:10:43:10 +0100] "GET / HTTP/1.1" 200 6260
::1 - - [17/Feb/2025:10:44:54 +0100] "GET / HTTP/1.1" 200 6260
::1 - - [17/Feb/2025:10:46:05 +0100] "GET / HTTP/1.1" 200 6398
::1 - - [17/Feb/2025:10:49:07 +0100] "GET / HTTP/1.1" 200 6398
::1 - - [17/Feb/2025:10:51:15 +0100] "GET / HTTP/1.1" 200 6398
::1 - - [17/Feb/2025:10:51:16 +0100] "GET / HTTP/1.1" 200 6398
::1 - - [17/Feb/2025:10:51:26 +0100] "GET / HTTP/1.1" 200 6398
::1 - - [17/Feb/2025:10:51:27 +0100] "GET / HTTP/1.1" 200 6398
::1 - - [17/Feb/2025:10:51:45 +0100] "GET /login HTTP/1.1" 200 0
::1 - - [17/Feb/2025:10:51:59 +0100] "GET /login HTTP/1.1" 200 0
::1 - - [17/Feb/2025:10:52:56 +0100] "GET /login HTTP/1.1" 200 0
::1 - - [17/Feb/2025:10:52:58 +0100] "GET /login HTTP/1.1" 200 0
::1 - - [17/Feb/2025:10:52:59 +0100] "GET /login HTTP/1.1" 200 0
::1 - - [17/Feb/2025:10:53:11 +0100] "GET /login HTTP/1.1" 200 0
::1 - - [17/Feb/2025:10:53:13 +0100] "GET /login HTTP/1.1" 200 0
::1 - - [17/Feb/2025:10:53:29 +0100] "GET /login HTTP/1.1" 200 0
::1 - - [17/Feb/2025:10:53:30 +0100] "GET /login HTTP/1.1" 200 0
::1 - - [17/Feb/2025:10:54:04 +0100] "GET /login HTTP/1.1" 200 6974
::1 - - [17/Feb/2025:10:54:11 +0100] "GET /login HTTP/1.1" 200 6917
::1 - - [17/Feb/2025:10:54:28 +0100] "GET /login HTTP/1.1" 200 6724
::1 - - [17/Feb/2025:10:54:28 +0100] "GET /login HTTP/1.1" 200 6724
::1 - - [17/Feb/2025:10:54:30 +0100] "GET /login HTTP/1.1" 200 6724
::1 - - [17/Feb/2025:10:54:33 +0100] "GET /login HTTP/1.1" 200 6724
::1 - - [17/Feb/2025:10:54:35 +0100] "GET /login HTTP/1.1" 200 6724
::1 - - [17/Feb/2025:10:54:39 +0100] "GET /login HTTP/1.1" 200 6724
::1 - - [17/Feb/2025:10:54:42 +0100] "GET / HTTP/1.1" 200 6398
::1 - - [17/Feb/2025:10:54:55 +0100] "GET / HTTP/1.1" 200 6388
::1 - - [17/Feb/2025:10:54:58 +0100] "POST /submit HTTP/1.1" 200 21
::1 - - [17/Feb/2025:10:58:19 +0100] "GET / HTTP/1.1" 200 6388
::1 - - [17/Feb/2025:10:58:42 +0100] "GET / HTTP/1.1" 200 6316
::1 - - [17/Feb/2025:10:58:43 +0100] "GET / HTTP/1.1" 200 6316
::1 - - [17/Feb/2025:10:58:43 +0100] "GET / HTTP/1.1" 200 6316
::1 - - [17/Feb/2025:13:44:10 +0100] "GET / HTTP/1.1" 200 6316
::1 - - [17/Feb/2025:13:44:11 +0100] "GET /login HTTP/1.1" 200 6724
::1 - - [17/Feb/2025:13:44:23 +0100] "GET /login HTTP/1.1" 200 6724
::1 - - [17/Feb/2025:14:37:43 +0100] "GET /login HTTP/1.1" 500 56
::1 - - [17/Feb/2025:14:38:57 +0100] "GET / HTTP/1.1" 500 33
::1 - - [17/Feb/2025:14:40:38 +0100] "GET / HTTP/1.1" 200 5683
::1 - - [17/Feb/2025:14:43:24 +0100] "GET / HTTP/1.1" 200 5683
::1 - - [17/Feb/2025:14:45:41 +0100] "GET / HTTP/1.1" 200 5683
::1 - - [17/Feb/2025:14:46:07 +0100] "GET / HTTP/1.1" 200 5683
::1 - - [17/Feb/2025:14:46:14 +0100] "GET / HTTP/1.1" 200 5894
::1 - - [17/Feb/2025:14:46:23 +0100] "GET / HTTP/1.1" 200 5734
::1 - - [17/Feb/2025:14:47:02 +0100] "GET / HTTP/1.1" 200 5835
::1 - - [17/Feb/2025:14:47:14 +0100] "GET / HTTP/1.1" 200 5873
::1 - - [17/Feb/2025:14:47:22 +0100] "GET / HTTP/1.1" 200 5899
::1 - - [17/Feb/2025:14:48:10 +0100] "GET / HTTP/1.1" 200 5790
::1 - - [17/Feb/2025:14:48:15 +0100] "GET / HTTP/1.1" 200 5899
::1 - - [17/Feb/2025:14:48:47 +0100] "GET / HTTP/1.1" 200 5899
::1 - - [17/Feb/2025:14:48:53 +0100] "GET / HTTP/1.1" 200 5790
::1 - - [17/Feb/2025:14:49:07 +0100] "GET / HTTP/1.1" 200 5927
::1 - - [17/Feb/2025:14:49:16 +0100] "GET / HTTP/1.1" 200 5790
::1 - - [17/Feb/2025:14:49:24 +0100] "GET / HTTP/1.1" 200 5919
::1 - - [17/Feb/2025:14:51:08 +0100] "GET / HTTP/1.1" 500 33
::1 - - [17/Feb/2025:14:51:48 +0100] "GET / HTTP/1.1" 200 6285
::1 - - [17/Feb/2025:14:52:24 +0100] "GET / HTTP/1.1" 200 6224
::1 - - [17/Feb/2025:14:53:46 +0100] "GET / HTTP/1.1" 200 6242
::1 - - [17/Feb/2025:14:54:34 +0100] "GET / HTTP/1.1" 200 6222
::1 - - [17/Feb/2025:14:55:14 +0100] "GET / HTTP/1.1" 200 6284
::1 - - [17/Feb/2025:14:55:18 +0100] "GET / HTTP/1.1" 200 6284
::1 - - [17/Feb/2025:14:55:45 +0100] "GET / HTTP/1.1" 200 6360
::1 - - [17/Feb/2025:14:57:06 +0100] "GET / HTTP/1.1" 500 33
::1 - - [17/Feb/2025:14:57:43 +0100] "GET / HTTP/1.1" 500 33
::1 - - [17/Feb/2025:14:58:27 +0100] "GET / HTTP/1.1" 500 33
::1 - - [17/Feb/2025:15:01:47 +0100] "GET / HTTP/1.1" 500 33
::1 - - [17/Feb/2025:15:02:03 +0100] "GET / HTTP/1.1" 500 33
::1 - - [17/Feb/2025:15:03:49 +0100] "GET / HTTP/1.1" 200 6360
::1 - - [17/Feb/2025:15:06:07 +0100] "GET / HTTP/1.1" 200 6412
::1 - - [17/Feb/2025:15:07:19 +0100] "GET / HTTP/1.1" 200 6412
::1 - - [17/Feb/2025:15:07:38 +0100] "GET / HTTP/1.1" 200 6412
::1 - - [17/Feb/2025:15:07:46 +0100] "GET / HTTP/1.1" 200 6514
::1 - - [17/Feb/2025:15:07:58 +0100] "GET / HTTP/1.1" 200 6491
::1 - - [17/Feb/2025:15:08:04 +0100] "GET /login HTTP/1.1" 500 56
::1 - - [17/Feb/2025:15:08:56 +0100] "GET /login HTTP/1.1" 302 87
::1 - - [17/Feb/2025:15:08:56 +0100] "GET /?client_id=&response_type=code&state=random-string-here HTTP/1.1" 200 6491
::1 - - [17/Feb/2025:15:08:58 +0100] "GET /login HTTP/1.1" 302 87
::1 - - [17/Feb/2025:15:08:58 +0100] "GET /?client_id=&response_type=code&state=random-string-here HTTP/1.1" 200 6491
::1 - - [17/Feb/2025:15:20:07 +0100] "GET /?client_id=&response_type=code&state=random-string-here HTTP/1.1" 200 6586
::1 - - [17/Feb/2025:15:20:41 +0100] "GET /?client_id=&response_type=code&state=random-string-here HTTP/1.1" 200 6587
::1 - - [17/Feb/2025:15:20:45 +0100] "GET /login HTTP/1.1" 302 87
::1 - - [17/Feb/2025:15:20:45 +0100] "GET /?client_id=&response_type=code&state=random-string-here HTTP/1.1" 200 6587
::1 - - [17/Feb/2025:15:20:53 +0100] "GET /login HTTP/1.1" 302 87
::1 - - [17/Feb/2025:15:20:53 +0100] "GET /?client_id=&response_type=code&state=random-string-here HTTP/1.1" 200 6587
::1 - - [17/Feb/2025:15:24:15 +0100] "GET /?client_id=&response_type=code&state=random-string-here HTTP/1.1" 200 6587
::1 - - [17/Feb/2025:15:24:16 +0100] "GET /login HTTP/1.1" 302 87
::1 - - [17/Feb/2025:15:24:16 +0100] "GET /?client_id=&response_type=code&state=random-string-here HTTP/1.1" 200 6587
::1 - - [19/Feb/2025:18:57:18 +0100] "GET / HTTP/1.1" 200 6587
::1 - - [19/Feb/2025:18:57:19 +0100] "GET /login HTTP/1.1" 302 87
::1 - - [19/Feb/2025:18:57:19 +0100] "GET /?client_id=&response_type=code&state=random-string-here HTTP/1.1" 200 6587
::1 - - [19/Feb/2025:18:57:44 +0100] "GET /login HTTP/1.1" 302 87
::1 - - [19/Feb/2025:18:57:44 +0100] "GET /?client_id=&response_type=code&state=random-string-here HTTP/1.1" 200 6587
::1 - - [19/Feb/2025:18:58:54 +0100] "GET /?client_id=&response_type=code&state=random-string-here HTTP/1.1" 200 6587
::1 - - [19/Feb/2025:18:58:55 +0100] "GET /login HTTP/1.1" 302 87
::1 - - [19/Feb/2025:18:58:55 +0100] "GET /?client_id=&response_type=code&state=random-string-here HTTP/1.1" 200 6587
::1 - - [19/Feb/2025:19:06:37 +0100] "GET /login HTTP/1.1" 302 242
::1 - - [19/Feb/2025:19:10:24 +0100] "GET /login HTTP/1.1" 302 242
::1 - - [19/Feb/2025:19:10:36 +0100] "GET /login HTTP/1.1" 302 242
::1 - - [19/Feb/2025:19:14:14 +0100] "GET / HTTP/1.1" 200 6587
::1 - - [19/Feb/2025:19:14:16 +0100] "GET /login HTTP/1.1" 302 242
::1 - - [19/Feb/2025:19:15:01 +0100] "GET /login HTTP/1.1" 302 242
::1 - - [19/Feb/2025:19:16:08 +0100] "GET / HTTP/1.1" 200 6587
::1 - - [19/Feb/2025:19:16:10 +0100] "GET /login HTTP/1.1" 302 242
::1 - - [19/Feb/2025:19:18:51 +0100] "GET / HTTP/1.1" 200 6587
::1 - - [19/Feb/2025:19:18:53 +0100] "GET /login HTTP/1.1" 302 242
::1 - - [19/Feb/2025:19:23:35 +0100] "GET / HTTP/1.1" 200 6587
::1 - - [19/Feb/2025:19:23:37 +0100] "GET /login HTTP/1.1" 302 242
::1 - - [19/Feb/2025:19:25:20 +0100] "GET /oauth2/callback HTTP/1.1" 500 314
::1 - - [19/Feb/2025:19:25:37 +0100] "GET /oauth2/callback?code=authelia_ac_lA-8rLxGY4flmo-_DerONxfFPIVk2vpMiaCYZh_6ke0.FBoivMumLtPFauH9sWNVRz51S0FqWjwlFtqKO5sEA88&iss=https%3A%2F%2Fsso.emile.space&scope=openid+profile+email+groups&state=random-string-here HTTP/1.1" 500 314
::1 - - [19/Feb/2025:19:27:27 +0100] "GET / HTTP/1.1" 200 6587
::1 - - [19/Feb/2025:19:27:28 +0100] "GET /login HTTP/1.1" 302 242
::1 - - [19/Feb/2025:19:43:04 +0100] "GET / HTTP/1.1" 200 6587
::1 - - [19/Feb/2025:19:43:05 +0100] "GET /login HTTP/1.1" 302 242
::1 - - [19/Feb/2025:19:43:29 +0100] "GET /oauth2/callback?code=authelia_ac_8UdV__GJCN9gxJrYa629TC3FToyDDhsbacPbJzhvcJ4.uPw2-_N4jQr7xf7JNZ_IZBNHEq-eeOFoZup7Vwjx1Y0&iss=https%3A%2F%2Fsso.emile.space&scope=openid+profile+email+groups&state=random-string-here HTTP/1.1" 500 142
::1 - - [19/Feb/2025:19:49:22 +0100] "GET / HTTP/1.1" 200 6587
::1 - - [19/Feb/2025:19:49:23 +0100] "GET /login HTTP/1.1" 302 242
